[2026-10-06 14:18:05] ::1 | Method: GET | URI: /event-api/events | Status: 200
[2026-10-06 14:18:05] ::1 | Method: GET | URI: /event-api/bookings | Status: 200
[2026-10-06 14:21:29] ::1 | Method: GET | URI: /event-api/users | Status: 200
[2026-10-06 14:21:29] ::1 | Method: GET | URI: /event-api/events | Status: 200
[2026-10-06 14:21:29] ::1 | Method: GET | URI: /event-api/bookings | Status: 200
[2026-10-06 14:24:43] ::1 | Method: GET | URI: /event-api/users | Status: 200
[2026-10-06 14:24:44] ::1 | Method: GET | URI: /event-api/events | Status: 200
[2026-10-06 14:24:44] ::1 | Method: GET | URI: /event-api/bookings | Status: 200
[2026-10-06 14:24:47] ::1 | Method: GET | URI: /event-api/tickets | Status: 200
[2026-10-06 14:29:47] ::1 | Method: POST | URI: /event-api/bookings | Status: 201
[2026-10-06 14:29:48] ::1 | Method: GET | URI: /event-api/bookings | Status: 200
[2026-10-06 14:38:32] ::1 | Method: GET | URI: /event-api/users | Status: 200
[2026-10-06 14:38:43] ::1 | Method: GET | URI: /event-api/users | Status: 200
[2026-10-06 14:39:23] ::1 | Method: GET | URI: /event-api/users | Status: 200
[2026-10-06 14:39:23] ::1 | Method: GET | URI: /event-api/users | Status: 200
[2026-10-06 14:46:41] ::1 | Method: GET | URI: /event-api/bookings | Status: 200
[2026-10-06 19:19:36] ::1 | Method: GET | URI: /event-api/users | Status: 200
[2026-10-06 19:19:36] ::1 | Method: GET | URI: /event-api/users | Status: 200
[2026-10-06 19:20:27] ::1 | Method: GET | URI: /event-api/users | Status: 200
[2026-10-06 19:20:34] ::1 | Method: GET | URI: /event-api/users | Status: 200
[2026-10-06 19:20:35] ::1 | Method: GET | URI: /event-api/users | Status: 200
[2026-10-06 19:20:50] ::1 | Method: GET | URI: /event-api/users | Status: 200
[2026-10-06 19:21:15] ::1 | Method: GET | URI: /event-api/users | Status: 200
[2026-10-06 19:21:15] ::1 | Method: GET | URI: /event-api/events | Status: 200
[2026-10-06 19:21:15] ::1 | Method: GET | URI: /event-api/bookings | Status: 200
[2026-10-06 19:21:21] ::1 | Method: GET | URI: /event-api/events/1/calendar | Status: 200
[2026-10-06 20:00:05] ::1 | Method: POST | URI: /event-api/users.php?action=login | Status: 400
[2026-10-06 20:00:24] ::1 | Method: POST | URI: /event-api/users.php?action=login | Status: 400
[2026-10-06 20:13:40] ::1 | Method: POST | URI: /event-api/users.php | Status: 400
[2026-10-06 20:14:01] ::1 | Method: POST | URI: /event-api/users.php | Status: 400
[2026-10-06 20:23:49] ::1 | Method: GET | URI: /event-api/events | Status: 200
[2026-10-06 20:23:49] ::1 | Method: GET | URI: /event-api/bookings | Status: 200
[2026-10-06 20:23:55] ::1 | Method: GET | URI: /event-api/events | Status: 200
[2026-10-06 20:30:58] ::1 | Method: GET | URI: /event-api/users | Status: 200
[2026-10-06 20:30:58] ::1 | Method: GET | URI: /event-api/users | Status: 200
[2026-10-06 20:30:58] ::1 | Method: GET | URI: /event-api/bookings | Status: 200
[2026-10-06 20:30:58] ::1 | Method: GET | URI: /event-api/venues | Status: 200
[2026-10-06 20:31:30] ::1 | Method: GET | URI: /event-api/users | Status: 200
[2026-10-06 20:31:30] ::1 | Method: GET | URI: /event-api/venues | Status: 200
[2026-10-06 20:31:30] ::1 | Method: GET | URI: /event-api/events | Status: 200
[2026-10-06 20:32:19] ::1 | Method: GET | URI: /event-api/venues | Status: 200
[2026-10-06 20:32:19] ::1 | Method: GET | URI: /event-api/events | Status: 200
[2026-10-06 20:32:37] ::1 | Method: GET | URI: /event-api/users | Status: 200
[2026-10-06 20:32:37] ::1 | Method: GET | URI: /event-api/events | Status: 200
[2026-10-06 20:32:37] ::1 | Method: GET | URI: /event-api/bookings | Status: 200
[2026-10-06 20:32:44] ::1 | Method: GET | URI: /event-api/events | Status: 200
[2026-10-06 20:32:47] ::1 | Method: GET | URI: /event-api/events | Status: 200
[2026-10-06 20:33:28] ::1 | Method: GET | URI: /event-api/users | Status: 200
[2026-10-06 20:33:28] ::1 | Method: GET | URI: /event-api/venues | Status: 200
[2026-10-06 20:33:28] ::1 | Method: GET | URI: /event-api/events | Status: 200
[2026-10-06 20:35:21] ::1 | Method: GET | URI: /event-api/users | Status: 200
[2026-10-06 20:35:21] ::1 | Method: GET | URI: /event-api/events | Status: 200
[2026-10-06 20:35:21] ::1 | Method: GET | URI: /event-api/bookings | Status: 200
[2026-10-06 20:36:43] ::1 | Method: GET | URI: /event-api/users | Status: 200
[2026-10-06 20:36:43] ::1 | Method: GET | URI: /event-api/users | Status: 200
[2026-10-06 20:36:43] ::1 | Method: GET | URI: /event-api/venues | Status: 200
[2026-10-06 20:36:43] ::1 | Method: GET | URI: /event-api/bookings | Status: 200
[2026-10-06 20:38:53] ::1 | Method: GET | URI: /event-api/users | Status: 200
[2026-10-06 20:38:53] ::1 | Method: GET | URI: /event-api/venues | Status: 200
[2026-10-06 20:38:53] ::1 | Method: GET | URI: /event-api/events | Status: 200
[2026-10-06 20:39:36] ::1 | Method: POST | URI: /event-api/tickets | Status: 405
[2026-10-06 20:39:38] ::1 | Method: POST | URI: /event-api/tickets | Status: 405
[2026-10-06 20:40:18] ::1 | Method: POST | URI: /event-api/events | Status: 201
[2026-10-06 20:40:20] ::1 | Method: GET | URI: /event-api/venues | Status: 200
[2026-10-06 20:40:20] ::1 | Method: GET | URI: /event-api/events | Status: 200
[2026-10-06 20:41:23] ::1 | Method: GET | URI: /event-api/venues | Status: 200
[2026-10-06 20:41:23] ::1 | Method: GET | URI: /event-api/events | Status: 200
[2026-10-06 20:43:59] ::1 | Method: GET | URI: /event-api/users | Status: 200
[2026-10-06 20:43:59] ::1 | Method: GET | URI: /event-api/events | Status: 200
[2026-10-06 20:43:59] ::1 | Method: GET | URI: /event-api/bookings | Status: 200
[2026-10-06 20:45:02] ::1 | Method: GET | URI: /event-api/bookings | Status: 200
[2026-10-06 20:45:02] ::1 | Method: GET | URI: /event-api/events | Status: 200
[2026-10-06 20:45:15] ::1 | Method: GET | URI: /event-api/users | Status: 200
[2026-10-06 20:45:15] ::1 | Method: GET | URI: /event-api/venues | Status: 200
[2026-10-06 20:45:15] ::1 | Method: GET | URI: /event-api/events | Status: 200
[2026-10-06 20:45:28] ::1 | Method: POST | URI: /event-api/tickets | Status: 405
[2026-10-06 20:47:42] ::1 | Method: GET | URI: /event-api/users | Status: 200
[2026-10-06 20:47:43] ::1 | Method: GET | URI: /event-api/bookings | Status: 200
[2026-10-06 20:47:43] ::1 | Method: GET | URI: /event-api/events | Status: 200
[2026-10-06 20:47:48] ::1 | Method: GET | URI: /event-api/tickets?event_id=1 | Status: 200
[2026-10-06 20:48:09] ::1 | Method: GET | URI: /event-api/users | Status: 200
[2026-10-06 20:48:09] ::1 | Method: GET | URI: /event-api/venues | Status: 200
[2026-10-06 20:48:09] ::1 | Method: GET | URI: /event-api/tickets | Status: 200
[2026-10-06 20:48:09] ::1 | Method: GET | URI: /event-api/events | Status: 200
[2026-10-06 20:49:11] ::1 | Method: GET | URI: /event-api/users | Status: 200
[2026-10-06 20:49:11] ::1 | Method: GET | URI: /event-api/users | Status: 200
[2026-10-06 20:49:11] ::1 | Method: GET | URI: /event-api/bookings | Status: 200
[2026-10-06 20:49:11] ::1 | Method: GET | URI: /event-api/venues | Status: 200
[2026-10-06 20:51:09] ::1 | Method: GET | URI: /event-api/users | Status: 200
[2026-10-06 20:51:09] ::1 | Method: GET | URI: /event-api/bookings | Status: 200
[2026-10-06 20:51:09] ::1 | Method: GET | URI: /event-api/venues | Status: 200
[2026-10-06 20:51:31] ::1 | Method: GET | URI: /event-api/users | Status: 200
[2026-10-06 20:51:31] ::1 | Method: GET | URI: /event-api/venues | Status: 200
[2026-10-06 20:51:31] ::1 | Method: GET | URI: /event-api/tickets | Status: 200
[2026-10-06 20:51:31] ::1 | Method: GET | URI: /event-api/events | Status: 200
[2026-10-06 20:51:37] ::1 | Method: DELETE | URI: /event-api/events/6 | Status: 200
[2026-10-06 20:51:38] ::1 | Method: GET | URI: /event-api/venues | Status: 200
[2026-10-06 20:51:38] ::1 | Method: GET | URI: /event-api/tickets | Status: 200
[2026-10-06 20:51:38] ::1 | Method: GET | URI: /event-api/events | Status: 200
[2026-10-06 20:51:42] ::1 | Method: GET | URI: /event-api/venues | Status: 200
[2026-10-06 20:51:42] ::1 | Method: GET | URI: /event-api/tickets | Status: 200
[2026-10-06 20:51:42] ::1 | Method: GET | URI: /event-api/events | Status: 200
[2026-10-06 20:52:15] ::1 | Method: POST | URI: /event-api/tickets | Status: 405
[2026-10-06 20:52:19] ::1 | Method: POST | URI: /event-api/tickets | Status: 405
[2026-10-06 20:52:21] ::1 | Method: GET | URI: /event-api/venues | Status: 200
[2026-10-06 20:52:21] ::1 | Method: GET | URI: /event-api/tickets | Status: 200
[2026-10-06 20:52:21] ::1 | Method: GET | URI: /event-api/events | Status: 200
[2026-10-06 20:52:40] ::1 | Method: POST | URI: /event-api/tickets | Status: 405
[2026-10-06 20:52:41] ::1 | Method: POST | URI: /event-api/tickets | Status: 405
[2026-10-06 20:52:41] ::1 | Method: POST | URI: /event-api/tickets | Status: 405
[2026-10-06 20:52:42] ::1 | Method: POST | URI: /event-api/tickets | Status: 405
[2026-10-06 20:53:46] ::1 | Method: POST | URI: /event-api/tickets | Status: 405
[2026-10-06 20:58:00] ::1 | Method: GET | URI: /event-api/venues | Status: 200
[2026-10-06 20:58:00] ::1 | Method: GET | URI: /event-api/tickets | Status: 200
[2026-10-06 20:58:00] ::1 | Method: GET | URI: /event-api/events | Status: 200
[2026-10-06 20:58:13] ::1 | Method: POST | URI: /event-api/tickets | Status: 201
[2026-10-06 20:58:15] ::1 | Method: GET | URI: /event-api/venues | Status: 200
[2026-10-06 20:58:15] ::1 | Method: GET | URI: /event-api/tickets | Status: 200
[2026-10-06 20:58:15] ::1 | Method: GET | URI: /event-api/events | Status: 200
[2026-10-06 20:58:20] ::1 | Method: DELETE | URI: /event-api/tickets/11 | Status: 200
[2026-10-06 20:58:21] ::1 | Method: GET | URI: /event-api/venues | Status: 200
[2026-10-06 20:58:21] ::1 | Method: GET | URI: /event-api/tickets | Status: 200
[2026-10-06 20:58:21] ::1 | Method: GET | URI: /event-api/events | Status: 200
[2026-10-07 02:41:46] ::1 | Method: GET | URI: /event-api/users | Status: 200
[2026-10-07 02:41:46] ::1 | Method: GET | URI: /event-api/events | Status: 200
[2026-10-07 02:41:46] ::1 | Method: GET | URI: /event-api/bookings | Status: 200
[2026-10-07 02:47:57] ::1 | Method: GET | URI: /event-api/events | Status: 200
[2026-10-07 02:47:57] ::1 | Method: GET | URI: /event-api/bookings | Status: 200
[2026-10-07 02:48:00] ::1 | Method: GET | URI: /event-api/tickets?event_id=1 | Status: 200
[2026-10-07 02:55:05] ::1 | Method: GET | URI: /event-api/events | Status: 200
[2026-10-07 02:55:05] ::1 | Method: GET | URI: /event-api/events | Status: 200
[2026-10-07 02:55:05] ::1 | Method: GET | URI: /event-api/tickets | Status: 200
[2026-10-07 02:55:05] ::1 | Method: GET | URI: /event-api/bookings | Status: 200
[2026-10-07 02:58:06] ::1 | Method: GET | URI: /event-api/events | Status: 200
[2026-10-07 02:58:06] ::1 | Method: GET | URI: /event-api/bookings | Status: 200
[2026-10-07 02:58:06] ::1 | Method: GET | URI: /event-api/events | Status: 200
[2026-10-07 02:58:06] ::1 | Method: GET | URI: /event-api/tickets | Status: 200
[2026-10-07 03:00:56] ::1 | Method: GET | URI: /event-api/users | Status: 200
[2026-10-07 03:00:56] ::1 | Method: GET | URI: /event-api/events | Status: 200
[2026-10-07 03:00:56] ::1 | Method: GET | URI: /event-api/bookings | Status: 200
[2026-10-07 03:00:56] ::1 | Method: GET | URI: /event-api/events | Status: 200
[2026-10-07 03:00:56] ::1 | Method: GET | URI: /event-api/tickets | Status: 200
[2026-10-07 03:04:16] ::1 | Method: GET | URI: /event-api/users | Status: 200
[2026-10-07 03:04:38] ::1 | Method: GET | URI: /event-api/users | Status: 200
[2026-10-07 03:04:38] ::1 | Method: GET | URI: /event-api/events | Status: 200
[2026-10-07 03:04:38] ::1 | Method: GET | URI: /event-api/bookings | Status: 200
[2026-10-07 03:04:38] ::1 | Method: GET | URI: /event-api/tickets | Status: 200
[2026-10-07 03:04:38] ::1 | Method: GET | URI: /event-api/events | Status: 200
[2026-10-07 03:05:10] ::1 | Method: GET | URI: /event-api/users | Status: 200
[2026-10-07 03:05:10] ::1 | Method: GET | URI: /event-api/users | Status: 200
[2026-10-07 03:05:10] ::1 | Method: GET | URI: /event-api/bookings | Status: 200
[2026-10-07 03:05:11] ::1 | Method: GET | URI: /event-api/venues | Status: 200
[2026-10-07 03:05:34] ::1 | Method: GET | URI: /event-api/users | Status: 200
[2026-10-07 03:05:34] ::1 | Method: GET | URI: /event-api/venues | Status: 200
[2026-10-07 03:05:34] ::1 | Method: GET | URI: /event-api/tickets | Status: 200
[2026-10-07 03:05:34] ::1 | Method: GET | URI: /event-api/events | Status: 200
[2026-10-07 04:57:55] ::1 | Method: GET | URI: /event-api/users | Status: 200
[2026-10-07 04:57:56] ::1 | Method: GET | URI: /event-api/events | Status: 200
[2026-10-07 04:57:56] ::1 | Method: GET | URI: /event-api/events | Status: 200
[2026-10-07 04:57:56] ::1 | Method: GET | URI: /event-api/bookings | Status: 200
[2026-10-07 04:57:56] ::1 | Method: GET | URI: /event-api/tickets | Status: 200
[2026-10-07 04:58:06] ::1 | Method: PUT | URI: /event-api/bookings/1 | Status: 200
[2026-10-07 04:58:06] ::1 | Method: GET | URI: /event-api/events | Status: 200
[2026-10-07 04:58:06] ::1 | Method: GET | URI: /event-api/bookings | Status: 200
[2026-10-07 04:58:06] ::1 | Method: GET | URI: /event-api/tickets | Status: 200
[2026-10-07 05:01:10] ::1 | Method: GET | URI: /event-api/events | Status: 200
[2026-10-07 05:01:10] ::1 | Method: GET | URI: /event-api/bookings | Status: 200
[2026-10-07 05:01:10] ::1 | Method: GET | URI: /event-api/tickets | Status: 200
[2026-10-07 05:01:10] ::1 | Method: GET | URI: /event-api/events | Status: 200
[2026-10-07 05:01:10] ::1 | Method: PUT | URI: /event-api/bookings/2 | Status: 200
[2026-10-07 05:01:10] ::1 | Method: PUT | URI: /event-api/bookings/5 | Status: 200
[2026-10-07 06:25:31] ::1 | Method: GET | URI: /event-api/events | Status: 200
[2026-10-07 06:25:31] ::1 | Method: GET | URI: /event-api/bookings | Status: 200
[2026-10-07 06:25:31] ::1 | Method: GET | URI: /event-api/events | Status: 200
[2026-10-07 06:25:31] ::1 | Method: GET | URI: /event-api/tickets | Status: 200
[2026-10-07 06:26:25] ::1 | Method: GET | URI: /event-api/tickets?event_id=1 | Status: 200
[2026-10-07 06:28:31] ::1 | Method: GET | URI: /event-api/events | Status: 200
[2026-10-07 06:28:31] ::1 | Method: GET | URI: /event-api/bookings | Status: 200
[2026-10-07 06:28:31] ::1 | Method: GET | URI: /event-api/tickets | Status: 200
[2026-10-07 06:28:31] ::1 | Method: GET | URI: /event-api/events | Status: 200
[2026-10-07 10:09:42] ::1 | Method: GET | URI: /event-api/events | Status: 200
[2026-10-07 10:09:42] ::1 | Method: GET | URI: /event-api/tickets | Status: 200
[2026-10-07 10:09:42] ::1 | Method: GET | URI: /event-api/bookings | Status: 200
[2026-10-07 10:09:42] ::1 | Method: GET | URI: /event-api/events | Status: 200
[2026-10-07 10:10:07] ::1 | Method: GET | URI: /event-api/users | Status: 200
[2026-10-07 10:10:07] ::1 | Method: GET | URI: /event-api/users | Status: 200
[2026-10-07 10:10:07] ::1 | Method: GET | URI: /event-api/events | Status: 200
[2026-10-07 10:10:07] ::1 | Method: GET | URI: /event-api/tickets | Status: 200
[2026-10-07 10:10:07] ::1 | Method: GET | URI: /event-api/venues | Status: 200
[2026-10-07 10:10:07] ::1 | Method: GET | URI: /event-api/bookings | Status: 200
[2026-10-07 10:15:44] ::1 | Method: GET | URI: /event-api/users | Status: 200
[2026-10-07 10:15:44] ::1 | Method: GET | URI: /event-api/venues | Status: 200
[2026-10-07 10:15:44] ::1 | Method: GET | URI: /event-api/events | Status: 200
[2026-10-07 10:15:45] ::1 | Method: GET | URI: /event-api/tickets | Status: 200
[2026-10-07 10:15:45] ::1 | Method: GET | URI: /event-api/bookings | Status: 200
[2026-10-07 10:28:19] ::1 | Method: GET | URI: /event-api/venues | Status: 200
[2026-10-07 10:28:19] ::1 | Method: GET | URI: /event-api/events | Status: 200
[2026-10-07 10:28:19] ::1 | Method: GET | URI: /event-api/tickets | Status: 200
[2026-10-07 10:28:19] ::1 | Method: GET | URI: /event-api/bookings | Status: 200
[2026-10-07 10:30:15] ::1 | Method: GET | URI: /event-api/venues | Status: 200
[2026-10-07 10:30:15] ::1 | Method: GET | URI: /event-api/events | Status: 200
[2026-10-07 10:30:15] ::1 | Method: GET | URI: /event-api/tickets | Status: 200
[2026-10-07 10:30:15] ::1 | Method: GET | URI: /event-api/bookings | Status: 200
[2026-10-07 10:32:47] ::1 | Method: GET | URI: /event-api/users | Status: 200
[2026-10-07 10:32:47] ::1 | Method: GET | URI: /event-api/events | Status: 200
[2026-10-07 10:32:47] ::1 | Method: GET | URI: /event-api/tickets | Status: 200
[2026-10-07 10:32:48] ::1 | Method: GET | URI: /event-api/bookings | Status: 200
[2026-10-07 11:46:45] ::1 | Method: GET | URI: /event-api/users | Status: 200
[2026-10-07 11:55:48] ::1 | Method: GET | URI: /event-api/events | Status: 200
[2026-10-07 11:55:48] ::1 | Method: GET | URI: /event-api/tickets | Status: 200
[2026-10-07 11:55:48] ::1 | Method: GET | URI: /event-api/bookings | Status: 200
[2026-10-07 11:56:18] ::1 | Method: GET | URI: /event-api/users | Status: 200
[2026-10-07 11:56:26] ::1 | Method: GET | URI: /event-api/users | Status: 200
[2026-10-07 11:56:26] ::1 | Method: GET | URI: /event-api/users | Status: 200
[2026-10-07 11:56:26] ::1 | Method: GET | URI: /event-api/tickets | Status: 200
[2026-10-07 11:56:26] ::1 | Method: GET | URI: /event-api/venues | Status: 200
[2026-10-07 11:56:26] ::1 | Method: GET | URI: /event-api/events | Status: 200
[2026-10-07 11:56:26] ::1 | Method: GET | URI: /event-api/bookings | Status: 200
[2026-10-07 11:57:03] ::1 | Method: GET | URI: /event-api/venues | Status: 200
[2026-10-07 11:59:00] ::1 | Method: GET | URI: /event-api/users | Status: 200
[2026-10-07 11:59:00] ::1 | Method: GET | URI: /event-api/venues | Status: 200
[2026-10-07 11:59:00] ::1 | Method: GET | URI: /event-api/events | Status: 200
[2026-10-07 11:59:00] ::1 | Method: GET | URI: /event-api/tickets | Status: 200
[2026-10-07 11:59:00] ::1 | Method: GET | URI: /event-api/bookings | Status: 200
[2026-10-07 11:59:54] ::1 | Method: GET | URI: /event-api/users | Status: 200
[2026-10-07 11:59:54] ::1 | Method: GET | URI: /event-api/events | Status: 200
[2026-10-07 11:59:54] ::1 | Method: GET | URI: /event-api/tickets | Status: 200
[2026-10-07 11:59:54] ::1 | Method: GET | URI: /event-api/bookings | Status: 200
[2026-10-07 12:01:33] ::1 | Method: POST | URI: /event-api/events | Status: 201
[2026-10-07 12:04:50] ::1 | Method: POST | URI: /event-api/tickets | Status: 201
[2026-10-07 12:06:43] ::1 | Method: POST | URI: /event-api/bookings | Status: 201
[2026-10-07 12:37:19] ::1 | Method: GET | URI: /event-api/users | Status: 200
[2026-10-07 12:37:19] ::1 | Method: GET | URI: /event-api/users | Status: 200
[2026-10-07 12:37:20] ::1 | Method: GET | URI: /event-api/venues | Status: 200
[2026-10-07 12:37:20] ::1 | Method: GET | URI: /event-api/events | Status: 200
[2026-10-07 12:37:20] ::1 | Method: GET | URI: /event-api/tickets | Status: 200
[2026-10-07 12:37:20] ::1 | Method: GET | URI: /event-api/bookings | Status: 200
[2026-10-07 12:38:56] ::1 | Method: GET | URI: /event-api/users | Status: 200
[2026-10-07 12:38:56] ::1 | Method: GET | URI: /event-api/events | Status: 200
[2026-10-07 12:38:56] ::1 | Method: GET | URI: /event-api/venues | Status: 200
[2026-10-07 12:38:56] ::1 | Method: GET | URI: /event-api/tickets | Status: 200
[2026-10-07 12:38:56] ::1 | Method: GET | URI: /event-api/bookings | Status: 200
[2026-10-07 12:53:16] ::1 | Method: GET | URI: /event-api/calendar.php | Status: 400
[2026-10-07 12:53:46] ::1 | Method: GET | URI: /event-api/calendar.php/1 | Status: 400
[2026-10-07 12:54:20] ::1 | Method: GET | URI: /event-api/calendar.php/?event_id=1 | Status: 200
[2026-10-07 12:54:44] ::1 | Method: GET | URI: /event-api/calendar.php/?event_id=2 | Status: 200
[2026-10-07 12:54:50] ::1 | Method: GET | URI: /event-api/calendar.php/?event_id=1 | Status: 200
[2026-10-07 12:58:05] ::1 | Method: GET | URI: /event-api/users | Status: 200
[2026-10-07 12:58:05] ::1 | Method: GET | URI: /event-api/venues | Status: 200
[2026-10-07 12:58:05] ::1 | Method: GET | URI: /event-api/events | Status: 200
[2026-10-07 12:58:05] ::1 | Method: GET | URI: /event-api/tickets | Status: 200
[2026-10-07 12:58:05] ::1 | Method: GET | URI: /event-api/bookings | Status: 200
[2026-10-07 13:00:25] ::1 | Method: GET | URI: /event-api/calendar.php/?event_id=1 | Status: 200
[2026-10-08 13:18:08] ::1 | Method: GET | URI: /event-api/users | Status: 200
[2026-10-08 13:19:06] ::1 | Method: GET | URI: /event-api/venues | Status: 200
[2026-10-08 13:20:38] ::1 | Method: POST | URI: /event-api/tickets | Status: 400
[2026-10-08 13:20:42] ::1 | Method: POST | URI: /event-api/events | Status: 400
[2026-10-08 13:30:52] ::1 | Method: PUT | URI: /event-api/tickets | Status: 400
[2026-10-08 13:31:07] ::1 | Method: PUT | URI: /event-api/tickets | Status: 400
[2026-10-08 13:31:18] ::1 | Method: PUT | URI: /event-api/tickets/123 | Status: 200
[2026-10-08 13:33:36] ::1 | Method: PUT | URI: /event-api/bookings | Status: 200
[2026-10-08 13:33:56] ::1 | Method: PUT | URI: /event-api/bookings | Status: 200
[2026-10-08 13:35:25] ::1 | Method: PUT | URI: /event-api/bookings/123 | Status: 200
[2026-10-08 13:38:29] ::1 | Method: POST | URI: /event-api/users | Status: 201
[2026-10-08 13:41:19] ::1 | Method: POST | URI: /event-api/venues | Status: 201
[2026-10-08 13:43:55] ::1 | Method: POST | URI: /event-api/events | Status: 201
[2026-10-08 13:45:20] ::1 | Method: POST | URI: /event-api/tickets | Status: 201
[2026-10-08 13:47:10] ::1 | Method: POST | URI: /event-api/bookings | Status: 201
[2026-10-08 13:53:10] ::1 | Method: POST | URI: /event-api/bookings | Status: 201
[2026-10-08 13:54:01] ::1 | Method: POST | URI: /event-api/bookings | Status: 201
[2026-10-08 13:56:11] ::1 | Method: POST | URI: /event-api/bookings | Status: 201
[2026-10-08 14:02:31] ::1 | Method: PUT | URI: /event-api/bookings | Status: 200
[2026-10-08 14:02:43] ::1 | Method: PUT | URI: /event-api/bookings | Status: 200
[2026-10-08 14:02:53] ::1 | Method: PUT | URI: /event-api/users | Status: 400
[2026-10-08 14:03:10] ::1 | Method: PUT | URI: /event-api/users | Status: 400
[2026-10-08 14:03:17] ::1 | Method: PUT | URI: /event-api/users | Status: 400
[2026-10-08 14:03:36] ::1 | Method: PUT | URI: /event-api/bookings | Status: 200
[2026-10-08 14:03:39] ::1 | Method: PUT | URI: /event-api/bookings | Status: 200
[2026-10-08 14:03:48] ::1 | Method: PUT | URI: /event-api/bookings | Status: 200
[2026-10-08 14:03:58] ::1 | Method: PUT | URI: /event-api/users | Status: 400
[2026-10-08 14:04:19] ::1 | Method: GET | URI: /event-api/users | Status: 200
[2026-10-08 14:04:47] ::1 | Method: GET | URI: /event-api/events/1 | Status: 200
[2026-10-08 14:08:49] ::1 | Method: POST | URI: /event-api/bookings | Status: 400
[2026-10-08 14:09:18] ::1 | Method: POST | URI: /event-api/bookings | Status: 400
[2026-10-08 14:12:15] ::1 | Method: GET | URI: /event-api/events/1 | Status: 200
[2026-10-08 14:13:23] ::1 | Method: GET | URI: /event-api/events/999 | Status: 404
[2026-10-08 14:19:10] ::1 | Method: GET | URI: /event-api/users | Status: 200
[2026-10-08 14:19:10] ::1 | Method: GET | URI: /event-api/events | Status: 200
[2026-10-08 14:19:10] ::1 | Method: GET | URI: /event-api/tickets | Status: 200
[2026-10-08 14:19:10] ::1 | Method: GET | URI: /event-api/bookings | Status: 200
[2026-10-09 05:36:12] ::1 | Method: GET | URI: /event-api/users | Status: 200
[2026-10-09 05:36:12] ::1 | Method: GET | URI: /event-api/events | Status: 200
[2026-10-09 05:36:12] ::1 | Method: GET | URI: /event-api/tickets | Status: 200
[2026-10-09 05:36:12] ::1 | Method: GET | URI: /event-api/bookings | Status: 200
[2026-10-09 05:38:59] ::1 | Method: GET | URI: /event-api/users | Status: 200
[2026-10-09 05:38:59] ::1 | Method: GET | URI: /event-api/venues | Status: 200
[2026-10-09 05:38:59] ::1 | Method: GET | URI: /event-api/events | Status: 200
[2026-10-09 05:38:59] ::1 | Method: GET | URI: /event-api/tickets | Status: 200
[2026-10-09 05:38:59] ::1 | Method: GET | URI: /event-api/bookings | Status: 200
[2026-10-09 05:39:39] ::1 | Method: GET | URI: /event-api/users | Status: 200
[2026-10-09 05:39:39] ::1 | Method: GET | URI: /event-api/users | Status: 200
[2026-10-09 05:39:39] ::1 | Method: GET | URI: /event-api/venues | Status: 200
[2026-10-09 05:39:39] ::1 | Method: GET | URI: /event-api/events | Status: 200
[2026-10-09 05:39:39] ::1 | Method: GET | URI: /event-api/tickets | Status: 200
[2026-10-09 05:39:39] ::1 | Method: GET | URI: /event-api/bookings | Status: 200
[2026-10-09 06:05:24] ::1 | Method: GET | URI: /event-api/users | Status: 200
[2026-10-09 06:05:24] ::1 | Method: GET | URI: /event-api/events | Status: 200
[2026-10-09 06:05:24] ::1 | Method: GET | URI: /event-api/tickets | Status: 200
[2026-10-09 06:05:24] ::1 | Method: GET | URI: /event-api/bookings | Status: 200
[2026-10-09 06:15:09] ::1 | Method: GET | URI: /event-api/events | Status: 200
[2026-10-09 06:15:09] ::1 | Method: GET | URI: /event-api/tickets | Status: 200
[2026-10-09 06:15:09] ::1 | Method: GET | URI: /event-api/bookings | Status: 200
[2026-10-09 06:16:04] ::1 | Method: GET | URI: /event-api/users | Status: 200
[2026-10-09 06:16:10] ::1 | Method: GET | URI: /event-api/users | Status: 200
[2026-10-09 06:16:10] ::1 | Method: GET | URI: /event-api/users | Status: 200
[2026-10-09 06:16:10] ::1 | Method: GET | URI: /event-api/venues | Status: 200
[2026-10-09 06:16:10] ::1 | Method: GET | URI: /event-api/tickets | Status: 200
[2026-10-09 06:16:10] ::1 | Method: GET | URI: /event-api/events | Status: 200
[2026-10-09 06:16:10] ::1 | Method: GET | URI: /event-api/bookings | Status: 200
[2026-10-09 06:17:59] ::1 | Method: GET | URI: /event-api/venues | Status: 200
[2026-10-09 06:17:59] ::1 | Method: GET | URI: /event-api/events | Status: 200
[2026-10-09 06:17:59] ::1 | Method: GET | URI: /event-api/users | Status: 200
[2026-10-09 06:17:59] ::1 | Method: GET | URI: /event-api/tickets | Status: 200
[2026-10-09 06:17:59] ::1 | Method: GET | URI: /event-api/bookings | Status: 200
[2026-10-09 06:18:48] ::1 | Method: GET | URI: /event-api/users | Status: 200
[2026-10-09 06:18:56] ::1 | Method: GET | URI: /event-api/users | Status: 200
[2026-10-09 06:18:56] ::1 | Method: GET | URI: /event-api/venues | Status: 200
[2026-10-09 06:18:56] ::1 | Method: GET | URI: /event-api/events | Status: 200
[2026-10-09 06:18:56] ::1 | Method: GET | URI: /event-api/tickets | Status: 200
[2026-10-09 06:18:56] ::1 | Method: GET | URI: /event-api/bookings | Status: 200
